<?xml version="1.0" encoding="utf-8"?>
<TestRun id="f7a025bb-f2b0-4ae0-83f1-9e770db35baf" name="ponni@SANTHOSHI 2026-08-28 22:31:22" runUser="SANTHOSHI\ponni" xmlns="http://microsoft.com/schemas/VisualStudio/TeamTest/2010">
  <Times creation="2026-08-28T22:31:22.8238103+05:30" queuing="2026-08-28T22:31:22.8238103+05:30" start="2026-08-28T22:31:22.2706290+05:30" finish="2026-08-28T22:31:22.8528140+05:30" />
  <TestSettings name="default" id="54e4fa2e-aeae-4ab6-8493-4e6967e9b284">
    <Deployment runDeploymentRoot="ponni_SANTHOSHI_2026-08-28_22_31_22" />
  </TestSettings>
  <Results>
    <UnitTestResult executionId="f7d9e45f-820f-4d63-9908-4788ead182fd" testId="0512c820-1392-b492-d75d-e7a7bf9b381f" testName="Subtract_ReturnDifference" computerName="SANTHOSHI" duration="00:00:00.0000061" startTime="2026-08-28T22:31:22.8027863+05:30" endTime="2026-08-28T22:31:22.8027924+05:30" testType="13cdc9d9-ddb5-4fa4-a97d-d965ccfc6d4b" outcome="Passed" testListId="8c84fa94-04c1-424b-9868-57a2d4851a1d" relativeResultsDirectory="f7d9e45f-820f-4d63-9908-4788ead182fd" />
    <UnitTestResult executionId="9f0a022f-2834-4cd4-9991-3b80e1343752" testId="04167863-ad17-4606-8040-9bbb03fe8b33" testName="IsPrime_TrueForPrimeNumbers" computerName="SANTHOSHI" duration="00:00:00.0000029" startTime="2026-08-28T22:31:22.8017859+05:30" endTime="2026-08-28T22:31:22.8017888+05:30" testType="13cdc9d9-ddb5-4fa4-a97d-d965ccfc6d4b" outcome="Passed" testListId="8c84fa94-04c1-424b-9868-57a2d4851a1d" relativeResultsDirectory="9f0a022f-2834-4cd4-9991-3b80e1343752" />
    <UnitTestResult executionId="1dbbe20f-8063-4f86-80f6-c7ef2a71ed14" testId="21f29c86-41d8-3d8a-9ff9-ae99bf141a1f" testName="Add_ReturnSUM" computerName="SANTHOSHI" duration="00:00:00.0000039" startTime="2026-08-28T22:31:22.8037840+05:30" endTime="2026-08-28T22:31:22.8037879+05:30" testType="13cdc9d9-ddb5-4fa4-a97d-d965ccfc6d4b" outcome="Passed" testListId="8c84fa94-04c1-424b-9868-57a2d4851a1d" relativeResultsDirectory="1dbbe20f-8063-4f86-80f6-c7ef2a71ed14" />
    <UnitTestResult executionId="65900f1d-b9ca-4b9a-9625-bf00a3fb273f" testId="8fb07208-f762-0635-7915-366c77ff2d4b" testName="Multiply_ReturnProduct" computerName="SANTHOSHI" duration="00:00:00.0000122" startTime="2026-08-28T22:31:22.8027863+05:30" endTime="2026-08-28T22:31:22.8027985+05:30" testType="13cdc9d9-ddb5-4fa4-a97d-d965ccfc6d4b" outcome="Passed" testListId="8c84fa94-04c1-424b-9868-57a2d4851a1d" relativeResultsDirectory="65900f1d-b9ca-4b9a-9625-bf00a3fb273f" />
    <UnitTestResult executionId="0dd6f3c8-c960-43ee-afc4-adc864b06d73" testId="da5730b7-c7e0-5a63-8903-5f3552717900" testName="IsPrime_FalseForCompositeAndNonPositiveNumbers" computerName="SANTHOSHI" duration="00:00:00.0000027" startTime="2026-08-28T22:31:22.7937864+05:30" endTime="2026-08-28T22:31:22.7937891+05:30" testType="13cdc9d9-ddb5-4fa4-a97d-d965ccfc6d4b" outcome="Passed" testListId="8c84fa94-04c1-424b-9868-57a2d4851a1d" relativeResultsDirectory="0dd6f3c8-c960-43ee-afc4-adc864b06d73" />
    <UnitTestResult executionId="08fc8812-b40b-4758-b5f2-af447b37b0c4" testId="814fc491-1c4b-b888-617b-cb75141c5696" testName="Divide_ByZero_ThrowsException" computerName="SANTHOSHI" duration="00:00:00.0000796" startTime="2026-08-28T22:31:22.8027863+05:30" endTime="2026-08-28T22:31:22.8028659+05:30" testType="13cdc9d9-ddb5-4fa4-a97d-d965ccfc6d4b" outcome="Passed" testListId="8c84fa94-04c1-424b-9868-57a2d4851a1d" relativeResultsDirectory="08fc8812-b40b-4758-b5f2-af447b37b0c4" />
    <UnitTestResult executionId="10d62461-eef8-4462-bba0-a075ebcd0373" testId="2b645297-da94-0a94-2472-b71a1745ed67" testName="Divide_ReturnQuotient" computerName="SANTHOSHI" duration="00:00:00.0001180" startTime="2026-08-28T22:31:22.8027863+05:30" endTime="2026-08-28T22:31:22.8029043+05:30" testType="13cdc9d9-ddb5-4fa4-a97d-d965ccfc6d4b" outcome="Passed" testListId="8c84fa94-04c1-424b-9868-57a2d4851a1d" relativeResultsDirectory="10d62461-eef8-4462-bba0-a075ebcd0373" />
  </Results>
  <TestDefinitions>
    <UnitTest name="IsPrime_FalseForCompositeAndNonPositiveNumbers" storage="c:\users\ponni\source\repos\pe_cpp_dll_workflow\mathlib\x64\release\mathlibtests.dll" id="da5730b7-c7e0-5a63-8903-5f3552717900">
      <Execution id="0dd6f3c8-c960-43ee-afc4-adc864b06d73" />
      <TestMethod codeBase="c:\Users\ponni\source\repos\PE_CPP_DLL_workflow\MathLib\x64\Release\MathLibTests.dll" adapterTypeName="executor://cppunittestexecutor/v1" className="MathLibTests.CalculatorTests" name="MathLibTests::CalculatorTests::IsPrime_FalseForCompositeAndNonPositiveNumbers" />
    </UnitTest>
    <UnitTest name="Add_ReturnSUM" storage="c:\users\ponni\source\repos\pe_cpp_dll_workflow\mathlib\x64\release\mathlibtests.dll" id="21f29c86-41d8-3d8a-9ff9-ae99bf141a1f">
      <Execution id="1dbbe20f-8063-4f86-80f6-c7ef2a71ed14" />
      <TestMethod codeBase="c:\Users\ponni\source\repos\PE_CPP_DLL_workflow\MathLib\x64\Release\MathLibTests.dll" adapterTypeName="executor://cppunittestexecutor/v1" className="MathLibTests.CalculatorTests" name="MathLibTests::CalculatorTests::Add_ReturnSUM" />
    </UnitTest>
    <UnitTest name="Subtract_ReturnDifference" storage="c:\users\ponni\source\repos\pe_cpp_dll_workflow\mathlib\x64\release\mathlibtests.dll" id="0512c820-1392-b492-d75d-e7a7bf9b381f">
      <Execution id="f7d9e45f-820f-4d63-9908-4788ead182fd" />
      <TestMethod codeBase="c:\Users\ponni\source\repos\PE_CPP_DLL_workflow\MathLib\x64\Release\MathLibTests.dll" adapterTypeName="executor://cppunittestexecutor/v1" className="MathLibTests.CalculatorTests" name="MathLibTests::CalculatorTests::Subtract_ReturnDifference" />
    </UnitTest>
    <UnitTest name="Divide_ByZero_ThrowsException" storage="c:\users\ponni\source\repos\pe_cpp_dll_workflow\mathlib\x64\release\mathlibtests.dll" id="814fc491-1c4b-b888-617b-cb75141c5696">
      <Execution id="08fc8812-b40b-4758-b5f2-af447b37b0c4" />
      <TestMethod codeBase="c:\Users\ponni\source\repos\PE_CPP_DLL_workflow\MathLib\x64\Release\MathLibTests.dll" adapterTypeName="executor://cppunittestexecutor/v1" className="MathLibTests.CalculatorTests" name="MathLibTests::CalculatorTests::Divide_ByZero_ThrowsException" />
    </UnitTest>
    <UnitTest name="Multiply_ReturnProduct" storage="c:\users\ponni\source\repos\pe_cpp_dll_workflow\mathlib\x64\release\mathlibtests.dll" id="8fb07208-f762-0635-7915-366c77ff2d4b">
      <Execution id="65900f1d-b9ca-4b9a-9625-bf00a3fb273f" />
      <TestMethod codeBase="c:\Users\ponni\source\repos\PE_CPP_DLL_workflow\MathLib\x64\Release\MathLibTests.dll" adapterTypeName="executor://cppunittestexecutor/v1" className="MathLibTests.CalculatorTests" name="MathLibTests::CalculatorTests::Multiply_ReturnProduct" />
    </UnitTest>
    <UnitTest name="Divide_ReturnQuotient" storage="c:\users\ponni\source\repos\pe_cpp_dll_workflow\mathlib\x64\release\mathlibtests.dll" id="2b645297-da94-0a94-2472-b71a1745ed67">
      <Execution id="10d62461-eef8-4462-bba0-a075ebcd0373" />
      <TestMethod codeBase="c:\Users\ponni\source\repos\PE_CPP_DLL_workflow\MathLib\x64\Release\MathLibTests.dll" adapterTypeName="executor://cppunittestexecutor/v1" className="MathLibTests.CalculatorTests" name="MathLibTests::CalculatorTests::Divide_ReturnQuotient" />
    </UnitTest>
    <UnitTest name="IsPrime_TrueForPrimeNumbers" storage="c:\users\ponni\source\repos\pe_cpp_dll_workflow\mathlib\x64\release\mathlibtests.dll" id="04167863-ad17-4606-8040-9bbb03fe8b33">
      <Execution id="9f0a022f-2834-4cd4-9991-3b80e1343752" />
      <TestMethod codeBase="c:\Users\ponni\source\repos\PE_CPP_DLL_workflow\MathLib\x64\Release\MathLibTests.dll" adapterTypeName="executor://cppunittestexecutor/v1" className="MathLibTests.CalculatorTests" name="MathLibTests::CalculatorTests::IsPrime_TrueForPrimeNumbers" />
    </UnitTest>
  </TestDefinitions>
  <TestEntries>
    <TestEntry testId="0512c820-1392-b492-d75d-e7a7bf9b381f" executionId="f7d9e45f-820f-4d63-9908-4788ead182fd" testListId="8c84fa94-04c1-424b-9868-57a2d4851a1d" />
    <TestEntry testId="04167863-ad17-4606-8040-9bbb03fe8b33" executionId="9f0a022f-2834-4cd4-9991-3b80e1343752" testListId="8c84fa94-04c1-424b-9868-57a2d4851a1d" />
    <TestEntry testId="21f29c86-41d8-3d8a-9ff9-ae99bf141a1f" executionId="1dbbe20f-8063-4f86-80f6-c7ef2a71ed14" testListId="8c84fa94-04c1-424b-9868-57a2d4851a1d" />
    <TestEntry testId="8fb07208-f762-0635-7915-366c77ff2d4b" executionId="65900f1d-b9ca-4b9a-9625-bf00a3fb273f" testListId="8c84fa94-04c1-424b-9868-57a2d4851a1d" />
    <TestEntry testId="da5730b7-c7e0-5a63-8903-5f3552717900" executionId="0dd6f3c8-c960-43ee-afc4-adc864b06d73" testListId="8c84fa94-04c1-424b-9868-57a2d4851a1d" />
    <TestEntry testId="814fc491-1c4b-b888-617b-cb75141c5696" executionId="08fc8812-b40b-4758-b5f2-af447b37b0c4" testListId="8c84fa94-04c1-424b-9868-57a2d4851a1d" />
    <TestEntry testId="2b645297-da94-0a94-2472-b71a1745ed67" executionId="10d62461-eef8-4462-bba0-a075ebcd0373" testListId="8c84fa94-04c1-424b-9868-57a2d4851a1d" />
  </TestEntries>
  <TestLists>
    <TestList name="Results Not in a List" id="8c84fa94-04c1-424b-9868-57a2d4851a1d" />
    <TestList name="All Loaded Results" id="19431567-8539-422a-85d7-44ee4e166bda" />
  </TestLists>
  <ResultSummary outcome="Completed">
    <Counters total="7" executed="7" passed="7" failed="0" error="0" timeout="0" aborted="0" inconclusive="0" passedButRunAborted="0" notRunnable="0" notExecuted="0" disconnected="0" warning="0" completed="0" inProgress="0" pending="0" />
  </ResultSummary>
</TestRun>